[BANTUDAGANG.com/index.html]
[backblue.gif]
[fade.gif]
[index.html]
[BANTUDAGANG.com/wp-content/uploads/2023/05/Group-13-revised.png]
[BANTUDAGANG.com/wp-content/themes/hello-elementor/theme.min653d.css]
[BANTUDAGANG.com/feed/index.html]
[BANTUDAGANG.com/comments/feed/index.html]
[BANTUDAGANG.com/wp-content/plugins/elementor/assets/css/frontend-lite.mine56c.css]
[BANTUDAGANG.com/wp-content/plugins/essential-addons-for-elementor-lite/assets/front-end/css/view/general.min9f31.css]
[BANTUDAGANG.com/wp-content/uploads/essential-addons-elementor/eael-9860a3f.css]
[BANTUDAGANG.com/wp-includes/css/dist/block-library/style.minef10.css]
[BANTUDAGANG.com/wp-content/plugins/jet-engine/assets/css/frontendbf8c.css]
[BANTUDAGANG.com/wp-includes/css/dashicons.minef10.css]
[BANTUDAGANG.com/wp-content/plugins/table-of-contents-plus/screen.minb5ce.css]
[BANTUDAGANG.com/wp-content/plugins/ht-mega-for-elementor/assets/css/htbbootstrap4c71.css]
[BANTUDAGANG.com/wp-content/plugins/elementor/assets/lib/font-awesome/css/font-awesome.min1849.css]
[BANTUDAGANG.com/wp-content/plugins/ht-mega-for-elementor/assets/css/animation4c71.css]
[BANTUDAGANG.com/wp-content/plugins/ht-mega-for-elementor/assets/css/htmega-keyframes4c71.css]
[BANTUDAGANG.com/wp-content/themes/hello-elementor/style.min653d.css]
[BANTUDAGANG.com/wp-content/plugins/elementor/assets/lib/swiper/v8/css/swiper.min94a4.css]
[BANTUDAGANG.com/wp-content/uploads/elementor/css/post-60184.css]
[BANTUDAGANG.com/wp-content/plugins/elementor-pro/assets/css/frontend-lite.mine56c.css]
[BANTUDAGANG.com/wp-content/plugins/elementor/assets/lib/font-awesome/css/all.mine56c.css]
[BANTUDAGANG.com/wp-content/plugins/elementor/assets/lib/font-awesome/css/v4-shims.mine56c.css]
[BANTUDAGANG.com/wp-content/uploads/elementor/css/globaldab3.css]
[BANTUDAGANG.com/wp-content/uploads/elementor/css/post-2121399d.css]
[BANTUDAGANG.com/wp-content/uploads/elementor/css/post-19d175.css]
[BANTUDAGANG.com/wp-content/uploads/elementor/css/post-5846ab.css]
[BANTUDAGANG.com/wp-content/uploads/elementor/css/post-2215a6a8.css]
[BANTUDAGANG.com/wp-content/uploads/elementor/css/post-986f4ec.css]
[BANTUDAGANG.com/wp-content/plugins/creame-whatsapp-me/public/css/joinchat.min066b.css]
[BANTUDAGANG.com/wp-content/plugins/skyboot-custom-icons-for-elementor/assets/css/ionicons.min97de.css]
[BANTUDAGANG.com/wp-content/plugins/skyboot-custom-icons-for-elementor/assets/css/linearicons97de.css]
[BANTUDAGANG.com/wp-content/plugins/skyboot-custom-icons-for-elementor/assets/css/line-awesome.min97de.css]
[BANTUDAGANG.com/wp-content/plugins/skyboot-custom-icons-for-elementor/assets/css/materialdesignicons.min97de.css]
[BANTUDAGANG.com/wp-content/plugins/add-to-any/addtoany.mind47c.css]
[BANTUDAGANG.com/wp-content/themes/hello-theme-child-master/style8a54.css]
[BANTUDAGANG.com/wp-includes/js/jquery/jquery.minf43b.js]
[BANTUDAGANG.com/wp-includes/js/jquery/jquery-migrate.min5589.js]
[static.addtoany.com/menu/page.js]
[BANTUDAGANG.com/wp-content/plugins/add-to-any/addtoany.min4963.js]
[BANTUDAGANG.com/wp-content/plugins/elementor/assets/lib/font-awesome/js/v4-shims.mine56c.js]
[BANTUDAGANG.com/wp-json/index.html]
[BANTUDAGANG.com/wp-json/wp/v2/pages/2121.json]
[BANTUDAGANG.com/xmlrpc0db0.php]
[BANTUDAGANG.com/wp-json/oembed/1.0/embedd3f7.json]
[BANTUDAGANG.com/wp-json/oembed/1.0/embedc5e8]
[cdn.jsdelivr.net/npm/bootstrap@5.3.1/dist/css/bootstrap.min.css]
[connect.facebook.net/en_US/fbevents.js]
[BANTUDAGANG.com/wp-content/uploads/2023/08/Line-57.svg]
[cdnjs.cloudflare.com/ajax/libs/OwlCarousel2/2.3.4/assets/owl.carousel.min.css]
[BANTUDAGANG.com/wp-content/uploads/winp-css-js/51d734.css]
[BANTUDAGANG.com/wp-content/uploads/2023/07/favicon.png]
[BANTUDAGANG.com/wp-content/uploads/2023/03/logo-with-text-w-1-1.svg]
[BANTUDAGANG.com/wp-content/plugins/elementor-pro/assets/css/widget-mega-menu.min.css]
[BANTUDAGANG.com/price-products/index.html]
[BANTUDAGANG.com/about-us/index.html]
[BANTUDAGANG.com/wp-content/uploads/2023/03/dashboard-1.png]
[BANTUDAGANG.com/contact-us/index.html]
[BANTUDAGANG.com/wp-content/uploads/2023/03/Mask-group-2.png]
[BANTUDAGANG.com/help/index.html]
[BANTUDAGANG.com/wp-content/uploads/2023/04/Line-7.png]
[BANTUDAGANG.com/wp-content/uploads/2023/03/intro-img.png]
[BANTUDAGANG.com/wp-content/uploads/2023/04/intro-img-3.png]
[BANTUDAGANG.com/wp-content/uploads/2023/04/intro-img-1-1.png]
[BANTUDAGANG.com/wp-content/uploads/2023/04/intro-img-2-1.png]
[BANTUDAGANG.com/wp-content/uploads/2023/05/intro-img.png]
[BANTUDAGANG.com/wp-content/uploads/2023/05/intro-img-1.png]
[BANTUDAGANG.com/wp-content/uploads/2023/05/intro-img-3.png]
[BANTUDAGANG.com/wp-content/uploads/2023/05/intro-img-2.png]
[BANTUDAGANG.com/wp-content/uploads/2023/03/intro-img-300x283.png]
[BANTUDAGANG.com/wp-content/uploads/2023/04/intro-img-300x283.png]
[BANTUDAGANG.com/wp-content/uploads/2023/04/intro-img-1-300x283.png]
[BANTUDAGANG.com/wp-content/uploads/2023/04/intro-img-2-300x283.png]
[BANTUDAGANG.com/wp-content/uploads/2023/03/Artboard-5@2x-1.png]
[BANTUDAGANG.com/wp-content/uploads/2023/05/chat-img.png]
[BANTUDAGANG.com/wp-content/uploads/2023/05/stok-img.png]
[BANTUDAGANG.com/wp-content/uploads/2023/05/security-img.png]
[BANTUDAGANG.com/wp-content/uploads/2023/08/langkah-1-shrink.png]
[BANTUDAGANG.com/wp-content/uploads/2023/08/langkah-2-shrink.png]
[BANTUDAGANG.com/wp-content/uploads/2023/08/langkah-3-shrink.png]
[BANTUDAGANG.com/wp-content/uploads/2023/08/langkah-4-shrink.png]
[BANTUDAGANG.com/wp-content/uploads/2023/08/langkah-5-shrink.png]
[BANTUDAGANG.com/wp-content/uploads/2023/08/Group-2137.jpg]
[BANTUDAGANG.com/wp-content/uploads/2023/08/line-dotted-vertical-long.png]
[BANTUDAGANG.com/wp-content/uploads/2023/09/line-dotted-vertical-short.png]
[BANTUDAGANG.com/wp-content/uploads/2023/09/line-colored-vertical-short.png]
[BANTUDAGANG.com/wp-content/uploads/2023/09/line-donestate-vertical-short.png]
[BANTUDAGANG.com/wp-content/uploads/2023/05/Mask-group.png]
[BANTUDAGANG.com/wp-content/uploads/2023/05/Mask-group-1.png]
[BANTUDAGANG.com/wp-content/uploads/2023/05/Mask-group-2.png]
[BANTUDAGANG.com/wp-content/uploads/2023/08/Group-2138.png]
[BANTUDAGANG.com/wp-content/uploads/2023/03/Asset-1@2x-1.png]
[BANTUDAGANG.com/wp-content/uploads/2023/03/Asset-1@2x-1-1.png]
[BANTUDAGANG.com/wp-content/uploads/2023/08/testimony-logo-1.jpg]
[BANTUDAGANG.com/wp-content/uploads/2023/03/testimony-logo-1.png]
[BANTUDAGANG.com/wp-content/uploads/2023/07/8932706_8775429b-04cf-4581-ab4c-e5f1f401711f-150x150.jpg]
[BANTUDAGANG.com/wp-content/uploads/2023/07/264587_d9baff90-16f6-44cf-aab4-b172945c09bb-150x150.jpg]
[BANTUDAGANG.com/wp-content/uploads/2023/07/81b5b6eb-2bf7-4435-8570-777a7987fe80-150x150.jpg]
[BANTUDAGANG.com/wp-content/uploads/2023/03/Artboard-8@2x-1.svg]
[BANTUDAGANG.com/wp-content/plugins/elementor/assets/css/widget-icon-list.min.css]
[BANTUDAGANG.com/wp-content/uploads/2023/03/image-1.png]
[BANTUDAGANG.com/wp-content/uploads/2023/03/image-2.png]
[BANTUDAGANG.com/wp-content/uploads/2023/03/image-3.png]
[BANTUDAGANG.com/wp-content/uploads/2023/03/image-4.png]
[BANTUDAGANG.com/wp-content/uploads/2023/03/image-5.png]
[BANTUDAGANG.com/wp-content/uploads/2023/03/whatsapp-logo-png-hd-2-150x150.png]
[BANTUDAGANG.com/wp-content/plugins/elementor-pro/assets/css/widget-nav-menu.min.css]
[BANTUDAGANG.com/wp-content/uploads/winp-css-js/2189b86.js]
[BANTUDAGANG.com/news/index.html]
[cdnjs.cloudflare.com/ajax/libs/OwlCarousel2/2.3.4/owl.carousel.min.js]
[BANTUDAGANG.com/wp-content/uploads/2023/09/BG-Desktop.png]
[stats.wpmucdn.com/analytics.js]
[BANTUDAGANG.com/wp-content/uploads/2023/09/BG-Mobile.png]
[BANTUDAGANG.com/wp-content/uploads/2023/09/Mockup.png]
[BANTUDAGANG.com/wp-content/uploads/elementor/css/post-12412cc6.css]
[BANTUDAGANG.com/wp-content/uploads/elementor/css/post-12442cc6.css]
[BANTUDAGANG.com/wp-content/uploads/elementor/css/post-12472cc6.css]
[BANTUDAGANG.com/wp-content/uploads/elementor/css/post-12512cc6.css]
[BANTUDAGANG.com/wp-content/plugins/ht-mega-for-elementor/assets/css/htmega-widgets4c71.css]
[BANTUDAGANG.com/wp-content/plugins/elementor/assets/lib/eicons/css/elementor-icons.min3b94.css]
[BANTUDAGANG.com/wp-content/plugins/essential-addons-for-elementor-lite/assets/admin/images/templately/logo-icon.svg]
[BANTUDAGANG.com/wp-content/plugins/elementor/assets/lib/animations/animations.mine56c.css]
[BANTUDAGANG.com/wp-content/plugins/essential-addons-for-elementor-lite/assets/front-end/js/view/general.min9f31.js]
[BANTUDAGANG.com/wp-content/uploads/essential-addons-elementor/eael-9860a3f.js]
[BANTUDAGANG.com/wp-content/plugins/table-of-contents-plus/front.minb5ce.js]
[BANTUDAGANG.com/wp-content/plugins/ht-mega-for-elementor/assets/js/popper.min4c71.js]
[BANTUDAGANG.com/wp-content/plugins/ht-mega-for-elementor/assets/js/htbbootstrap4c71.js]
[BANTUDAGANG.com/wp-content/plugins/ht-mega-for-elementor/assets/js/waypoints4c71.js]
[BANTUDAGANG.com/wp-content/plugins/creame-whatsapp-me/public/js/joinchat.min066b.js]
[BANTUDAGANG.com/wp-content/plugins/ht-mega-for-elementor/assets/js/swiper.min94a4.js]
[BANTUDAGANG.com/wp-content/plugins/ht-mega-for-elementor/assets/js/htmega-widgets-active4c71.js]
[BANTUDAGANG.com/wp-content/plugins/elementor/assets/lib/jquery-numerator/jquery-numerator.min3958.js]
[BANTUDAGANG.com/wp-content/plugins/elementor-pro/assets/lib/smartmenus/jquery.smartmenus.minf269.js]
[BANTUDAGANG.com/wp-content/plugins/elementor-pro/assets/js/webpack-pro.runtime.mine56c.js]
[BANTUDAGANG.com/wp-content/plugins/elementor/assets/js/webpack.runtime.mine56c.js]
[BANTUDAGANG.com/wp-content/plugins/elementor/assets/js/frontend-modules.mine56c.js]
[BANTUDAGANG.com/wp-includes/js/dist/vendor/wp-polyfill-inert.min0226.js]
[BANTUDAGANG.com/wp-includes/js/dist/vendor/regenerator-runtime.min6c85.js]
[BANTUDAGANG.com/wp-includes/js/dist/vendor/wp-polyfill.min2c7c.js]
[BANTUDAGANG.com/wp-includes/js/dist/hooks.min2757.js]
[BANTUDAGANG.com/wp-includes/js/dist/i18n.minc33c.js]
[BANTUDAGANG.com/wp-content/plugins/elementor-pro/assets/js/frontend.mine56c.js]
[BANTUDAGANG.com/wp-content/plugins/elementor/assets/lib/waypoints/waypoints.min05da.js]
[BANTUDAGANG.com/wp-includes/js/jquery/ui/core.min3f14.js]
[BANTUDAGANG.com/wp-content/plugins/elementor/assets/js/frontend.mine56c.js]
[BANTUDAGANG.com/wp-content/plugins/elementor-pro/assets/js/elements-handlers.mine56c.js]
[BANTUDAGANG.com/index.html]
[cdn.jsdelivr.net/npm/bootstrap@5.3.1/dist/js/bootstrap.bundle.min.js]
[gmpg.org/xfn/11.html]
[static.addtoany.com/index.html]
[fonts.googleapis.com/cssb05f.css]
[fonts.gstatic.com/index.html]
[www.facebook.com/trdd41]
[BANTUDAGANG.com/wp-content/uploads/2023/05/home-mock1-1-revised.png]
[BANTUDAGANG.com/wp-content/uploads/essential-addons-elementor/eael-9865572.css]
[BANTUDAGANG.com/wp-content/uploads/elementor/css/post-435f467.css]
[BANTUDAGANG.com/wp-json/wp/v2/pages/435.json]
[BANTUDAGANG.com/wp-json/oembed/1.0/embed87db.json]
[BANTUDAGANG.com/wp-json/oembed/1.0/embed725b]
[BANTUDAGANG.com/wp-content/uploads/2023/04/Ellipse-18.png]
[BANTUDAGANG.com/wp-content/uploads/2023/04/tokopedia-logo-2-1.png]
[BANTUDAGANG.com/wp-content/uploads/2023/04/tokopedia-logo-2-2.png]
[BANTUDAGANG.com/wp-content/uploads/2023/04/tokopedia-logo-2-3.png]
[BANTUDAGANG.com/wp-content/uploads/2023/04/tokopedia-logo-2-5.png]
[BANTUDAGANG.com/wp-content/uploads/2023/04/tiktok-4-300x96.png]
[BANTUDAGANG.com/wp-content/uploads/2023/04/Artboard-5@2x-5.png]
[BANTUDAGANG.com/wp-content/uploads/2023/04/Artboard-5@2x-3.png]
[BANTUDAGANG.com/price-products/index.html]
[BANTUDAGANG.com/wp-content/uploads/essential-addons-elementor/eael-9865572.js]
[BANTUDAGANG.com/wp-content/uploads/2023/04/Vector-26.png]
[BANTUDAGANG.com/wp-content/uploads/essential-addons-elementor/eael-9860db9.css]
[BANTUDAGANG.com/wp-content/uploads/elementor/css/post-1551b9.css]
[BANTUDAGANG.com/wp-json/wp/v2/pages/15.json]
[BANTUDAGANG.com/wp-json/oembed/1.0/embed2191.json]
[BANTUDAGANG.com/wp-json/oembed/1.0/embed6c3b]
[BANTUDAGANG.com/wp-content/uploads/2023/04/Line-7-1.png]
[BANTUDAGANG.com/wp-content/uploads/2023/04/home-mock1-1.png]
[BANTUDAGANG.com/wp-content/uploads/2023/04/Vector-26-1.png]
[BANTUDAGANG.com/wp-content/uploads/2023/04/home-mock1-2.png]
[BANTUDAGANG.com/wp-content/uploads/2023/04/Vector-27.png]
[BANTUDAGANG.com/wp-content/uploads/2023/04/home-mock1-3.png]
[BANTUDAGANG.com/wp-content/uploads/2023/04/Artboard-5@2x-1-1.png]
[BANTUDAGANG.com/wp-content/uploads/2023/04/whatsapp-logo-2-300x82.png]
[BANTUDAGANG.com/about-us/index.html]
[BANTUDAGANG.com/wp-content/uploads/essential-addons-elementor/eael-9860db9.js]
[BANTUDAGANG.com/wp-content/uploads/essential-addons-elementor/eael-986716d.css]
[BANTUDAGANG.com/wp-content/uploads/elementor/css/post-1710c8.css]
[BANTUDAGANG.com/wp-json/wp/v2/pages/17.json]
[BANTUDAGANG.com/wp-json/oembed/1.0/embed9ee9.json]
[BANTUDAGANG.com/wp-json/oembed/1.0/embed94b9]
[BANTUDAGANG.com/wp-content/uploads/2023/04/home-mock1-1-1-1.png]
[BANTUDAGANG.com/contact-us/index.html]
[BANTUDAGANG.com/wp-content/uploads/essential-addons-elementor/eael-986716d.js]
[BANTUDAGANG-media.s3.ap-southeast-1.amazonaws.com/static/image/tokopedia-third-party-connect.png]
[BANTUDAGANG.com/wp-content/uploads/essential-addons-elementor/eael-986d417.css]
[BANTUDAGANG.com/wp-content/uploads/elementor/css/post-16174321.css]
[BANTUDAGANG.com/wp-json/wp/v2/pages/1617.json]
[BANTUDAGANG.com/wp-json/oembed/1.0/embedde6b.json]
[BANTUDAGANG.com/wp-json/oembed/1.0/embed897a]
[BANTUDAGANG-media.s3.ap-southeast-1.amazonaws.com/static/image/BANTUDAGANG-openapi-confirmation-min.jpg]
[BANTUDAGANG-media.s3.ap-southeast-1.amazonaws.com/static/image/chat-integration-preview.jpg]
[BANTUDAGANG.com/store]
[BANTUDAGANG-media.s3.ap-southeast-1.amazonaws.com/static/image/chat-integration-daftar-toko.jpg]
[BANTUDAGANG-media.s3.ap-southeast-1.amazonaws.com/static/image/chat-integration-jenis-akses.jpg]
[BANTUDAGANG.com/wp-content/uploads/2023/07/banner-cta-1.jpg]
[BANTUDAGANG.com/help/index.html]
[BANTUDAGANG.com/wp-content/uploads/essential-addons-elementor/eael-986d417.js]
[BANTUDAGANG.com/wp-content/uploads/essential-addons-elementor/eael-98614f4.css]
[BANTUDAGANG.com/wp-content/uploads/elementor/css/post-6727999.css]
[BANTUDAGANG.com/wp-content/uploads/2023/09/Persiapan-Awal-Membuat-Toko-online.jpg]
[BANTUDAGANG.com/membuat-toko-online-langkah-awal-berjualan-online/index.html]
[BANTUDAGANG.com/wp-content/plugins/elementor-pro/assets/css/widget-theme-elements.min.css]
[BANTUDAGANG.com/wp-content/uploads/2023/08/planning-finance-business-presentation-businessman-sales-1584859-pxhere.com_-300x193.jpg]
[BANTUDAGANG.com/wp-content/uploads/2023/08/Toko-Online-300x200.jpg]
[BANTUDAGANG.com/category/tips-trick/index.html]
[BANTUDAGANG.com/8-tips-sukses-berjualan-di-marketplace-bikin-omzet-melesat/index.html]
[BANTUDAGANG.com/wp-content/uploads/2023/04/Artboard-3@2x-2.png]
[BANTUDAGANG.com/omnichannel-marketplace-fungsi-manfaat-dan-cara-kerjanya/index.html]
[BANTUDAGANG.com/wp-content/uploads/elementor/css/post-6436f9f.css]
[BANTUDAGANG.com/category/updates/index.html]
[BANTUDAGANG.com/wp-content/uploads/elementor/css/post-6466f9f.css]
[BANTUDAGANG.com/wp-content/uploads/elementor/css/post-6678c1d.css]
[BANTUDAGANG.com/wp-content/plugins/jet-smart-filters/assets/css/public324d.css]
[BANTUDAGANG.com/wp-content/uploads/essential-addons-elementor/eael-98614f4.js]
[BANTUDAGANG.com/wp-content/plugins/jet-engine/assets/lib/jet-plugins/jet-pluginsf488.js]
[BANTUDAGANG.com/wp-content/plugins/jet-engine/assets/js/frontendbf8c.js]
[BANTUDAGANG.com/wp-includes/js/jquery/ui/datepicker.min3f14.js]
[BANTUDAGANG.com/wp-content/plugins/jet-smart-filters/assets/js/public324d.js]
[BANTUDAGANG.com/news/index.html]
[gmpg.org/xfn/.html]
[gmpg.org/xfn/intro.html]
[gmpg.org/xfn/faq.html]
[BANTUDAGANG.com/index6205.html]
[BANTUDAGANG.com/indexa1ca.html]
[BANTUDAGANG.com/indexd8eb.html]
[BANTUDAGANG.com/index0143.html]
[BANTUDAGANG.com/store.html]
[BANTUDAGANG.com/wp-content/uploads/elementor/css/post-9383070.css]
[BANTUDAGANG.com/membuat-toko-online-langkah-awal-berjualan-online/feed/index.html]
[BANTUDAGANG.com/wp-json/wp/v2/posts/2244.json]
[BANTUDAGANG.com/wp-json/oembed/1.0/embedd96e.json]
[BANTUDAGANG.com/wp-json/oembed/1.0/embed965d]
[BANTUDAGANG.com/wp-content/uploads/2023/09/marketplace.jpg]
[BANTUDAGANG.com/wp-content/uploads/2023/09/Membuat-dan-Mengelola-Produk-300x245.jpg]
[BANTUDAGANG.com/wp-content/uploads/2023/09/Desain-Toko-Online-300x285.jpg]
[BANTUDAGANG.com/wp-content/uploads/2023/09/konfigurasi-Pembayaran-dan-Pengiriman-300x182.jpg]
[BANTUDAGANG.com/wp-content/uploads/2023/09/Peluncuran-Toko-Online-300x150.jpg]
[BANTUDAGANG.com/wp-content/uploads/2023/09/Mengelola-dan-Mempromosikan-Toko-Online-300x200.jpg]
[BANTUDAGANG.com/wp-content/uploads/2023/09/Mengukur-dan-Meningkatkan-Kinerja-300x179.jpg]
[BANTUDAGANG.com/wp-content/uploads/2023/09/Omnichannel-Bantu-dagang-300x220.png]
[BANTUDAGANG.com/wp-content/uploads/2023/08/planning-finance-business-presentation-businessman-sales-1584859-pxhere.com_-1024x660.jpg]
[BANTUDAGANG.com/membuat-toko-online-langkah-awal-berjualan-online/index.html]
[BANTUDAGANG.com/wp-content/uploads/elementor/css/post-6608c1d.css]
[BANTUDAGANG.com/category/tips-trick/index.html]
[BANTUDAGANG.com/wp-json/wp/v2/categories/15.json]
[BANTUDAGANG.com/category/tips-trick/feed/index.html]
[BANTUDAGANG.com/wp-content/uploads/2023/08/planning-finance-business-presentation-businessman-sales-1584859-pxhere.com_-scaled.jpg]
[BANTUDAGANG.com/wp-content/uploads/essential-addons-elementor/eael-9867c84.css]
[BANTUDAGANG.com/wp-json/wp/v2/posts/2082.json]
[BANTUDAGANG.com/8-tips-sukses-berjualan-di-marketplace-bikin-omzet-melesat/feed/index.html]
[BANTUDAGANG.com/wp-json/oembed/1.0/embed5286.json]
[BANTUDAGANG.com/wp-json/oembed/1.0/embedc0b7]
[BANTUDAGANG.com/8-tips-sukses-berjualan-di-marketplace-bikin-omzet-melesat/index.html]
[BANTUDAGANG.com/wp-content/uploads/essential-addons-elementor/eael-9867c84.js]
[BANTUDAGANG.com/wp-content/uploads/2023/08/Toko-Online-scaled.jpg]
[BANTUDAGANG.com/wp-content/uploads/essential-addons-elementor/eael-9863b77.css]
[BANTUDAGANG.com/omnichannel-marketplace-fungsi-manfaat-dan-cara-kerjanya/feed/index.html]
[BANTUDAGANG.com/wp-json/wp/v2/posts/1742.json]
[BANTUDAGANG.com/wp-json/oembed/1.0/embeddad8.json]
[BANTUDAGANG.com/wp-json/oembed/1.0/embedcdce]
[BANTUDAGANG.com/wp-content/uploads/2023/08/Toko-Online-1024x683.jpg]
[BANTUDAGANG.com/wp-content/uploads/2023/08/omnichannel.png]
[BANTUDAGANG.com/omnichannel-marketplace-fungsi-manfaat-dan-cara-kerjanya/index.html]
[BANTUDAGANG.com/wp-content/uploads/essential-addons-elementor/eael-9863b77.js]
[BANTUDAGANG.com/category/updates/index.html]
[BANTUDAGANG.com/index4c6d.html]
[BANTUDAGANG.com/indexb0f2.html]
[BANTUDAGANG.com/indexe1b1.html]
[BANTUDAGANG.com/wp-json/wp/v2/categories/16.json]
[BANTUDAGANG.com/category/updates/feed/index.html]
[BANTUDAGANG.com/comments/feed/index.html]
[static.addtoany.com/index.html]
[BANTUDAGANG.com/feed/index.html]
[BANTUDAGANG.com/wp-includes/js/jquery/jquery.minf43b.js]
[BANTUDAGANG.com/wp-content/themes/hello-elementor/theme.min653d.css]
[BANTUDAGANG.com/wp-content/plugins/elementor/assets/css/frontend-lite.mine56c.css]
[BANTUDAGANG.com/wp-json/index.html]
[BANTUDAGANG.com/wp-content/plugins/essential-addons-for-elementor-lite/assets/front-end/css/view/general.min9f31.css]
[BANTUDAGANG.com/wp-json/wp/v2/pages/2121.json]
[BANTUDAGANG.com/wp-content/uploads/essential-addons-elementor/eael-9860a3f.css]
[BANTUDAGANG.com/wp-includes/js/jquery/jquery-migrate.min5589.js]
[BANTUDAGANG.com/wp-includes/css/dist/block-library/style.minef10.css]
[BANTUDAGANG.com/wp-content/plugins/elementor/assets/lib/font-awesome/js/v4-shims.mine56c.js]
[BANTUDAGANG.com/wp-content/plugins/jet-engine/assets/css/frontendbf8c.css]
[BANTUDAGANG.com/xmlrpc0db0.php]
[BANTUDAGANG.com/wp-content/uploads/2023/08/langkah-1-shrink.png]
[BANTUDAGANG.com/wp-json/oembed/1.0/embedd3f7.json]
[BANTUDAGANG.com/wp-includes/fonts/dashicons7d4b.eot]
[BANTUDAGANG.com/wp-json/oembed/1.0/embedc5e8]
[BANTUDAGANG.com/wp-content/uploads/2023/08/langkah-2-shrink.png]
[BANTUDAGANG.com/wp-content/uploads/2023/08/langkah-3-shrink.png]
[BANTUDAGANG.com/wp-content/uploads/2023/08/langkah-4-shrink.png]
[BANTUDAGANG.com/wp-includes/fonts/dashicons7d4b.ttf]
[BANTUDAGANG.com/wp-includes/css/dashicons.minef10.css]
[BANTUDAGANG.com/wp-content/uploads/2023/08/langkah-5-shrink.png]
[BANTUDAGANG.com/wp-content/uploads/2023/08/Group-2137.jpg]
[BANTUDAGANG.com/wp-content/uploads/2023/08/Group-2138.png]
[BANTUDAGANG.com/wp-content/plugins/post-views-counter/css/frontend.min330a.css]
[BANTUDAGANG.com/wp-content/uploads/winp-css-js/2189b86.js]
[BANTUDAGANG.com/wp-content/plugins/table-of-contents-plus/screen.minb5ce.css]
[BANTUDAGANG.com/wp-content/uploads/2023/09/BG-Desktop.png]
[BANTUDAGANG.com/wp-content/plugins/ht-mega-for-elementor/assets/css/htbbootstrap4c71.css]
[BANTUDAGANG.com/wp-content/uploads/2023/09/BG-Mobile.png]
[stats.wpmucdn.com/analytics.js]
[BANTUDAGANG.com/wp-content/uploads/2023/09/Mockup.png]
[cdnjs.cloudflare.com/ajax/libs/OwlCarousel2/2.3.4/owl.carousel.min.js]
[BANTUDAGANG.com/wp-content/plugins/elementor/assets/lib/font-awesome/fonts/fontawesome-webfont3e6e.eot]
[BANTUDAGANG.com/wp-content/plugins/elementor/assets/lib/font-awesome/fonts/fontawesome-webfontd41d.eot]
[BANTUDAGANG.com/wp-content/plugins/essential-addons-for-elementor-lite/assets/front-end/js/view/general.min9f31.js]
[BANTUDAGANG.com/wp-content/uploads/essential-addons-elementor/eael-9860a3f.js]
[BANTUDAGANG.com/wp-content/plugins/table-of-contents-plus/front.minb5ce.js]
[BANTUDAGANG.com/wp-content/plugins/elementor/assets/lib/font-awesome/fonts/fontawesome-webfont3e6e.woff2]
[BANTUDAGANG.com/wp-content/plugins/ht-mega-for-elementor/assets/js/waypoints4c71.js]
[BANTUDAGANG.com/wp-content/plugins/ht-mega-for-elementor/assets/js/htbbootstrap4c71.js]
[BANTUDAGANG.com/wp-content/plugins/ht-mega-for-elementor/assets/js/popper.min4c71.js]
[BANTUDAGANG.com/wp-content/plugins/elementor/assets/lib/font-awesome/fonts/fontawesome-webfont3e6e.woff]
[BANTUDAGANG.com/wp-content/plugins/elementor/assets/lib/jquery-numerator/jquery-numerator.min3958.js]
[BANTUDAGANG.com/wp-content/plugins/creame-whatsapp-me/public/js/joinchat.min066b.js]
[BANTUDAGANG.com/wp-content/plugins/ht-mega-for-elementor/assets/js/htmega-widgets-active4c71.js]
[BANTUDAGANG.com/wp-content/plugins/ht-mega-for-elementor/assets/js/swiper.min94a4.js]
[BANTUDAGANG.com/wp-content/plugins/elementor/assets/lib/font-awesome/fonts/fontawesome-webfont3e6e.ttf]
[BANTUDAGANG.com/wp-content/plugins/elementor-pro/assets/js/webpack-pro.runtime.mine56c.js]
[BANTUDAGANG.com/wp-content/plugins/elementor/assets/js/webpack.runtime.mine56c.js]
[BANTUDAGANG.com/wp-content/plugins/elementor-pro/assets/lib/smartmenus/jquery.smartmenus.minf269.js]
[BANTUDAGANG.com/wp-content/plugins/elementor/assets/lib/font-awesome/fonts/fontawesome-webfont3e6e.svg]
[BANTUDAGANG.com/wp-content/plugins/elementor/assets/lib/font-awesome/css/font-awesome.min1849.css]
[BANTUDAGANG.com/wp-content/plugins/elementor/assets/js/frontend-modules.mine56c.js]
[BANTUDAGANG.com/wp-includes/js/dist/vendor/wp-polyfill-inert.min0226.js]
[BANTUDAGANG.com/wp-includes/js/dist/vendor/regenerator-runtime.min6c85.js]
[BANTUDAGANG.com/wp-content/plugins/ht-mega-for-elementor/assets/css/animation4c71.css]
[BANTUDAGANG.com/wp-includes/js/dist/vendor/wp-polyfill.min2c7c.js]
[BANTUDAGANG.com/wp-content/plugins/ht-mega-for-elementor/assets/css/htmega-keyframes4c71.css]
[BANTUDAGANG.com/wp-includes/js/dist/hooks.min2757.js]
[BANTUDAGANG.com/wp-includes/js/dist/i18n.minc33c.js]
[BANTUDAGANG.com/wp-content/themes/hello-elementor/style.min653d.css]
[BANTUDAGANG.com/wp-content/plugins/elementor-pro/assets/js/frontend.mine56c.js]
[BANTUDAGANG.com/wp-content/plugins/elementor/assets/lib/swiper/v8/css/swiper.min94a4.css]
[BANTUDAGANG.com/wp-content/plugins/elementor/assets/lib/waypoints/waypoints.min05da.js]
[BANTUDAGANG.com/wp-content/uploads/elementor/css/post-60184.css]
[BANTUDAGANG.com/wp-includes/js/jquery/ui/core.min3f14.js]
[BANTUDAGANG.com/wp-content/plugins/elementor-pro/assets/css/frontend-lite.mine56c.css]
[BANTUDAGANG.com/wp-content/plugins/elementor/assets/js/frontend.mine56c.js]
[BANTUDAGANG.com/wp-content/plugins/elementor-pro/assets/js/elements-handlers.mine56c.js]
[BANTUDAGANG.com/wp-content/plugins/elementor/assets/lib/font-awesome/webfonts/fa-brands-400.eot]
[BANTUDAGANG.com/wp-content/plugins/elementor/assets/lib/font-awesome/webfonts/fa-brands-400d41d.eot]
[BANTUDAGANG.com/wp-json/wp/v2/pages/435.json]
[BANTUDAGANG.com/wp-json/oembed/1.0/embed725b]
[BANTUDAGANG.com/wp-json/oembed/1.0/embed87db.json]
[BANTUDAGANG.com/wp-content/uploads/essential-addons-elementor/eael-9865572.js]
[BANTUDAGANG.com/wp-content/plugins/elementor/assets/lib/font-awesome/webfonts/fa-brands-400.woff2]
[BANTUDAGANG.com/wp-content/uploads/2023/04/home-mock1-3.png]
[BANTUDAGANG.com/wp-json/oembed/1.0/embed6c3b]
[BANTUDAGANG.com/wp-json/oembed/1.0/embed2191.json]
[BANTUDAGANG.com/wp-json/wp/v2/pages/15.json]
[BANTUDAGANG.com/wp-content/plugins/elementor/assets/lib/font-awesome/webfonts/fa-brands-400.woff]
[BANTUDAGANG.com/wp-content/uploads/essential-addons-elementor/eael-9860db9.js]
[BANTUDAGANG.com/wp-json/wp/v2/pages/17.json]
[BANTUDAGANG.com/wp-json/oembed/1.0/embed9ee9.json]
[BANTUDAGANG.com/wp-content/plugins/elementor/assets/lib/font-awesome/webfonts/fa-brands-400.ttf]
[BANTUDAGANG.com/wp-content/uploads/essential-addons-elementor/eael-986716d.js]
[BANTUDAGANG.com/wp-json/oembed/1.0/embed94b9]
[BANTUDAGANG.com/wp-json/wp/v2/pages/1617.json]
[BANTUDAGANG.com/wp-content/plugins/elementor/assets/lib/font-awesome/webfonts/fa-brands-400.svg]
[BANTUDAGANG.com/wp-json/oembed/1.0/embedde6b.json]
[BANTUDAGANG.com/wp-json/oembed/1.0/embed897a]
[BANTUDAGANG.com/wp-content/plugins/elementor/assets/lib/font-awesome/webfonts/fa-regular-400.eot]
[BANTUDAGANG.com/wp-content/uploads/2023/04/Artboard-3@2x-2.png]
[BANTUDAGANG.com/wp-content/uploads/essential-addons-elementor/eael-98614f4.js]
[BANTUDAGANG.com/wp-content/uploads/essential-addons-elementor/eael-986d417.js]
[BANTUDAGANG.com/wp-content/plugins/elementor/assets/lib/font-awesome/webfonts/fa-regular-400d41d.eot]
[BANTUDAGANG.com/wp-content/plugins/jet-engine/assets/lib/jet-plugins/jet-pluginsf488.js]
[BANTUDAGANG.com/wp-content/plugins/jet-engine/assets/js/frontendbf8c.js]
[BANTUDAGANG.com/wp-includes/js/jquery/ui/datepicker.min3f14.js]
[BANTUDAGANG.com/wp-content/plugins/jet-smart-filters/assets/js/public324d.js]
[BANTUDAGANG.com/wp-content/plugins/elementor/assets/lib/font-awesome/webfonts/fa-regular-400.woff2]
[BANTUDAGANG.com/membuat-toko-online-langkah-awal-berjualan-online/feed/index.html]
[BANTUDAGANG.com/wp-json/oembed/1.0/embedd96e.json]
[BANTUDAGANG.com/wp-json/oembed/1.0/embed965d]
[BANTUDAGANG.com/wp-content/plugins/elementor/assets/lib/font-awesome/webfonts/fa-regular-400.woff]
[BANTUDAGANG.com/wp-content/uploads/2023/09/Membuat-dan-Mengelola-Produk-300x245.jpg]
[BANTUDAGANG.com/wp-content/uploads/2023/09/marketplace.jpg]
[BANTUDAGANG.com/wp-json/wp/v2/posts/2244.json]
[BANTUDAGANG.com/wp-content/uploads/2023/09/Mengukur-dan-Meningkatkan-Kinerja-300x179.jpg]
[BANTUDAGANG.com/wp-content/plugins/elementor/assets/lib/font-awesome/webfonts/fa-regular-400.ttf]
[BANTUDAGANG.com/wp-content/uploads/2023/09/Omnichannel-Bantu-dagang-300x220.png]
[BANTUDAGANG.com/wp-content/uploads/2023/08/planning-finance-business-presentation-businessman-sales-1584859-pxhere.com_-1024x660.jpg]
[BANTUDAGANG.com/category/tips-trick/feed/index.html]
[BANTUDAGANG.com/wp-json/wp/v2/categories/15.json]
[BANTUDAGANG.com/wp-content/plugins/elementor/assets/lib/font-awesome/webfonts/fa-regular-400.svg]
[BANTUDAGANG.com/8-tips-sukses-berjualan-di-marketplace-bikin-omzet-melesat/feed/index.html]
[BANTUDAGANG.com/wp-content/plugins/elementor/assets/lib/font-awesome/webfonts/fa-solid-900.eot]
[BANTUDAGANG.com/wp-content/uploads/2023/08/planning-finance-business-presentation-businessman-sales-1584859-pxhere.com_-scaled.jpg]
[BANTUDAGANG.com/wp-json/wp/v2/posts/2082.json]
[BANTUDAGANG.com/wp-content/plugins/elementor/assets/lib/font-awesome/webfonts/fa-solid-900d41d.eot]
[BANTUDAGANG.com/wp-json/oembed/1.0/embed5286.json]
[BANTUDAGANG.com/wp-content/uploads/essential-addons-elementor/eael-9867c84.js]
[BANTUDAGANG.com/wp-json/oembed/1.0/embedc0b7]
[BANTUDAGANG.com/wp-content/plugins/elementor/assets/lib/font-awesome/webfonts/fa-solid-900.woff2]
[BANTUDAGANG.com/wp-content/uploads/2023/08/Toko-Online-scaled.jpg]
[BANTUDAGANG.com/omnichannel-marketplace-fungsi-manfaat-dan-cara-kerjanya/feed/index.html]
[BANTUDAGANG.com/wp-json/wp/v2/posts/1742.json]
[BANTUDAGANG.com/wp-json/oembed/1.0/embeddad8.json]
[BANTUDAGANG.com/wp-content/plugins/elementor/assets/lib/font-awesome/webfonts/fa-solid-900.woff]
[BANTUDAGANG.com/wp-content/uploads/essential-addons-elementor/eael-9863b77.js]
[BANTUDAGANG.com/wp-json/oembed/1.0/embedcdce]
[BANTUDAGANG.com/wp-includes/fonts/dashicons7d4b.eot]
[BANTUDAGANG.com/wp-json/wp/v2/categories/16.json]
[BANTUDAGANG.com/wp-content/plugins/elementor/assets/lib/font-awesome/webfonts/fa-solid-900.ttf]
[BANTUDAGANG.com/wp-content/plugins/elementor/assets/lib/font-awesome/fonts/fontawesome-webfont3e6e.woff2]
[BANTUDAGANG.com/wp-content/plugins/elementor/assets/lib/font-awesome/fonts/fontawesome-webfont3e6e.eot]
[BANTUDAGANG.com/wp-content/plugins/elementor/assets/lib/font-awesome/fonts/fontawesome-webfontd41d.eot]
[BANTUDAGANG.com/wp-content/plugins/elementor/assets/lib/font-awesome/css/all.mine56c.css]
[BANTUDAGANG.com/wp-content/plugins/elementor/assets/lib/font-awesome/webfonts/fa-brands-400.eot]
[BANTUDAGANG.com/wp-content/plugins/elementor/assets/lib/font-awesome/webfonts/fa-brands-400d41d.eot]
[BANTUDAGANG.com/wp-content/plugins/elementor/assets/lib/font-awesome/css/v4-shims.mine56c.css]
[BANTUDAGANG.com/wp-content/plugins/elementor/assets/lib/font-awesome/webfonts/fa-solid-900.svg]
[BANTUDAGANG.com/wp-content/uploads/elementor/css/globaldab3.css]
[BANTUDAGANG.com/wp-content/plugins/elementor/assets/lib/font-awesome/webfonts/fa-regular-400.eot]
[BANTUDAGANG.com/wp-content/plugins/elementor/assets/lib/font-awesome/webfonts/fa-regular-400d41d.eot]
[BANTUDAGANG.com/wp-content/plugins/elementor/assets/lib/font-awesome/fonts/fontawesome-webfont3e6e.ttf]
[BANTUDAGANG.com/wp-content/plugins/elementor/assets/lib/font-awesome/webfonts/fa-brands-400.ttf]
[BANTUDAGANG.com/wp-content/uploads/2023/03/bg-home.png]
[BANTUDAGANG.com/wp-content/plugins/elementor/assets/lib/font-awesome/webfonts/fa-solid-900d41d.eot]
[BANTUDAGANG.com/wp-content/plugins/elementor/assets/lib/font-awesome/webfonts/fa-solid-900.eot]
[BANTUDAGANG.com/wp-content/plugins/elementor/assets/lib/font-awesome/webfonts/fa-solid-900.ttf]
[BANTUDAGANG.com/wp-content/uploads/2023/03/BANTUDAGANG-logo-mark-2.png]
[BANTUDAGANG.com/wp-content/uploads/2023/07/Vector-6-scaled.jpg]
[BANTUDAGANG.com/wp-content/uploads/2023/07/Vector-11-scaled.jpg]
[BANTUDAGANG.com/wp-content/uploads/2023/03/Group-7.png]
[BANTUDAGANG.com/wp-content/uploads/2023/08/Rectangle-292.jpg]
[BANTUDAGANG.com/wp-content/uploads/2023/04/Artboard-5@2x-2.png]
[BANTUDAGANG.com/wp-content/uploads/2023/03/Mask-group.png]
[BANTUDAGANG.com/wp-content/uploads/elementor/css/post-2121399d.css]
[BANTUDAGANG.com/wp-content/uploads/elementor/css/post-19d175.css]
[BANTUDAGANG.com/wp-content/uploads/2023/04/phone-42-256.png]
[BANTUDAGANG.com/wp-content/uploads/2023/04/whatsapp-256.png]
[BANTUDAGANG.com/wp-content/uploads/2023/04/facebook-5-256.png]
[BANTUDAGANG.com/wp-content/uploads/2023/04/instagram-5-256.png]
[BANTUDAGANG.com/wp-content/uploads/elementor/css/post-5846ab.css]
[BANTUDAGANG.com/wp-content/uploads/elementor/css/post-2215a6a8.css]
[BANTUDAGANG.com/wp-content/uploads/2023/04/background-responsive-menu.png]
[BANTUDAGANG.com/wp-content/uploads/2023/04/dashboard-1.svg]
[BANTUDAGANG.com/wp-content/uploads/elementor/css/post-986f4ec.css]
[BANTUDAGANG.com/wp-content/plugins/creame-whatsapp-me/public/css/joinchat.min066b.css]
[BANTUDAGANG.com/wp-content/uploads/2023/04/Mask-group.svg]
[BANTUDAGANG.com/wp-content/plugins/skyboot-custom-icons-for-elementor/assets/fonts/ioniconsde33.woff2]
[BANTUDAGANG.com/wp-content/plugins/skyboot-custom-icons-for-elementor/assets/fonts/ioniconsde33.eot]
[BANTUDAGANG.com/wp-content/plugins/skyboot-custom-icons-for-elementor/assets/fonts/ioniconsde33.woff]
[BANTUDAGANG.com/wp-content/plugins/skyboot-custom-icons-for-elementor/assets/fonts/ioniconsde33.ttf]
[BANTUDAGANG.com/wp-content/plugins/skyboot-custom-icons-for-elementor/assets/css/ionicons.min97de.css]
[BANTUDAGANG.com/wp-content/plugins/skyboot-custom-icons-for-elementor/assets/fonts/Linearicons-Free54e9.eot]
[BANTUDAGANG.com/wp-content/plugins/skyboot-custom-icons-for-elementor/assets/fonts/ioniconsde33.svg]
[BANTUDAGANG.com/wp-content/plugins/skyboot-custom-icons-for-elementor/assets/fonts/Linearicons-Freed41d.eot]
[BANTUDAGANG.com/wp-content/plugins/skyboot-custom-icons-for-elementor/assets/fonts/Linearicons-Free54e9.woff2]
[BANTUDAGANG.com/wp-content/plugins/skyboot-custom-icons-for-elementor/assets/fonts/Linearicons-Free54e9.woff]
[BANTUDAGANG.com/wp-content/plugins/skyboot-custom-icons-for-elementor/assets/fonts/Linearicons-Free54e9.ttf]
[BANTUDAGANG.com/wp-content/plugins/skyboot-custom-icons-for-elementor/assets/css/linearicons97de.css]
[BANTUDAGANG.com/wp-content/plugins/skyboot-custom-icons-for-elementor/assets/fonts/Linearicons-Free54e9.svg]
[BANTUDAGANG.com/wp-content/plugins/skyboot-custom-icons-for-elementor/assets/fonts/la-brands-400.eot]
[BANTUDAGANG.com/wp-content/plugins/skyboot-custom-icons-for-elementor/assets/fonts/la-brands-400d41d.eot]
[BANTUDAGANG.com/wp-content/plugins/skyboot-custom-icons-for-elementor/assets/fonts/la-brands-400.woff2]
[BANTUDAGANG.com/wp-content/plugins/skyboot-custom-icons-for-elementor/assets/fonts/la-brands-400.woff]
[BANTUDAGANG.com/wp-content/plugins/skyboot-custom-icons-for-elementor/assets/fonts/la-brands-400.ttf]
[BANTUDAGANG.com/wp-content/plugins/skyboot-custom-icons-for-elementor/assets/fonts/la-regular-400.eot]
[BANTUDAGANG.com/wp-content/plugins/skyboot-custom-icons-for-elementor/assets/fonts/la-regular-400d41d.eot]
[BANTUDAGANG.com/wp-content/plugins/skyboot-custom-icons-for-elementor/assets/fonts/la-brands-400.svg]
[BANTUDAGANG.com/wp-content/plugins/skyboot-custom-icons-for-elementor/assets/fonts/la-regular-400.woff2]
[BANTUDAGANG.com/wp-content/plugins/skyboot-custom-icons-for-elementor/assets/fonts/la-regular-400.woff]
[BANTUDAGANG.com/wp-content/plugins/skyboot-custom-icons-for-elementor/assets/fonts/la-regular-400.ttf]
[BANTUDAGANG.com/wp-content/plugins/skyboot-custom-icons-for-elementor/assets/fonts/la-regular-400.svg]
[BANTUDAGANG.com/wp-content/plugins/skyboot-custom-icons-for-elementor/assets/fonts/la-solid-900.woff2]
[BANTUDAGANG.com/wp-content/plugins/skyboot-custom-icons-for-elementor/assets/fonts/la-solid-900.eot]
[BANTUDAGANG.com/wp-content/plugins/skyboot-custom-icons-for-elementor/assets/fonts/la-solid-900.woff]
[BANTUDAGANG.com/wp-content/plugins/skyboot-custom-icons-for-elementor/assets/fonts/la-solid-900d41d.eot]
[BANTUDAGANG.com/wp-content/plugins/skyboot-custom-icons-for-elementor/assets/fonts/la-solid-900.ttf]
[BANTUDAGANG.com/wp-content/plugins/skyboot-custom-icons-for-elementor/assets/css/line-awesome.min97de.css]
[BANTUDAGANG.com/wp-content/plugins/skyboot-custom-icons-for-elementor/assets/fonts/la-solid-900.svg]
[BANTUDAGANG.com/wp-content/plugins/skyboot-custom-icons-for-elementor/assets/fonts/materialdesignicons-webfontb1c3.eot]
[BANTUDAGANG.com/wp-content/plugins/skyboot-custom-icons-for-elementor/assets/fonts/materialdesignicons-webfontd41d.eot]
[BANTUDAGANG.com/wp-content/plugins/skyboot-custom-icons-for-elementor/assets/fonts/materialdesignicons-webfontb1c3.woff2]
[BANTUDAGANG.com/wp-content/plugins/skyboot-custom-icons-for-elementor/assets/fonts/materialdesignicons-webfontb1c3.woff]
[BANTUDAGANG.com/wp-content/plugins/skyboot-custom-icons-for-elementor/assets/fonts/materialdesignicons-webfontb1c3.ttf]
[BANTUDAGANG.com/wp-content/plugins/skyboot-custom-icons-for-elementor/assets/css/materialdesignicons.min97de.css]
[BANTUDAGANG.com/wp-content/plugins/add-to-any/addtoany.mind47c.css]
[BANTUDAGANG.com/wp-content/themes/hello-theme-child-master/style8a54.css]
[cdn.jsdelivr.net/npm/bootstrap@5.3.1/dist/css/bootstrap.min.css]
[BANTUDAGANG.com/POST]
[BANTUDAGANG.com/b.resolvedLink]
[BANTUDAGANG.com/schema.org/index.html]
[BANTUDAGANG.com/signals/iwl.js]
[connect.facebook.net/en_US/fbevents.js]
[www.googletagmanager.com/gtm5445.html]
[BANTUDAGANG.com/wp-content/uploads/2023/08/Line-56.svg]
[BANTUDAGANG.com/wp-content/uploads/2023/08/Line-57.svg]
[BANTUDAGANG.com/wp-content/uploads/2023/08/Line-58.svg]
[cdnjs.cloudflare.com/ajax/libs/OwlCarousel2/2.3.4/assets/owl.video.play.png]
[cdnjs.cloudflare.com/ajax/libs/OwlCarousel2/2.3.4/assets/owl.carousel.min.css]
[BANTUDAGANG.com/wp-content/uploads/winp-css-js/51d734.css]
[BANTUDAGANG.com/wp-content/uploads/2023/03/logo-with-text-w-1-1.svg]
[BANTUDAGANG.com/wp-content/plugins/elementor-pro/assets/css/widget-mega-menu.min.css]
[BANTUDAGANG.com/wp-content/uploads/2023/03/Artboard-8@2x-1.svg]
[BANTUDAGANG.com/wp-content/plugins/elementor/assets/css/widget-icon-list.min.css]
[BANTUDAGANG.com/wp-content/plugins/elementor-pro/assets/css/widget-nav-menu.min.css]
[BANTUDAGANG.com/wp-content/uploads/elementor/css/post-12412cc6.css]
[BANTUDAGANG.com/wp-content/uploads/elementor/css/post-12442cc6.css]
[BANTUDAGANG.com/wp-content/uploads/elementor/css/post-12472cc6.css]
[BANTUDAGANG.com/wp-content/uploads/elementor/css/post-12512cc6.css]
[cdnjs.cloudflare.com/ajax/libs/OwlCarousel2/2.3.4/assets/owl.video.play.png]
[BANTUDAGANG.com/wp-content/plugins/ht-mega-for-elementor/assets/images/pricing/pricing-ribon.png]
[BANTUDAGANG.com/wp-content/plugins/ht-mega-for-elementor/assets/images/icons/line.svg]
[BANTUDAGANG.com/wp-content/plugins/ht-mega-for-elementor/assets/css/img/others/business-shape.png]
[BANTUDAGANG.com/wp-content/plugins/ht-mega-for-elementor/assets/css/img/bg/bg-image-40.jpg]
[BANTUDAGANG.com/wp-content/plugins/ht-mega-for-elementor/assets/css/htmega-widgets4c71.css]
[BANTUDAGANG.com/wp-content/plugins/elementor/assets/lib/eicons/fonts/eiconsd6bb.woff2]
[BANTUDAGANG.com/wp-content/plugins/elementor/assets/lib/eicons/fonts/eiconsd6bb.woff]
[BANTUDAGANG.com/wp-content/plugins/elementor/assets/lib/eicons/fonts/eiconsd6bb.eot]
[BANTUDAGANG.com/wp-content/plugins/elementor/assets/lib/eicons/fonts/eiconsd6bb.ttf]
[BANTUDAGANG.com/wp-content/plugins/elementor/assets/lib/eicons/css/elementor-icons.min3b94.css]
[BANTUDAGANG.com/wp-content/plugins/essential-addons-for-elementor-lite/assets/admin/images/templately/logo-icon.svg]
[BANTUDAGANG.com/wp-content/plugins/elementor/assets/lib/animations/animations.mine56c.css]
[gmpg.org/xfn/default.css]
[BANTUDAGANG.com/wp-content/uploads/essential-addons-elementor/eael-9865572.css]
[BANTUDAGANG.com/wp-content/plugins/elementor/assets/lib/eicons/fonts/eiconsd6bb.svg]
[BANTUDAGANG.com/wp-content/uploads/2023/04/Group-10.png]
[BANTUDAGANG.com/wp-content/uploads/elementor/css/post-435f467.css]
[BANTUDAGANG.com/index6205.html]
[BANTUDAGANG.com/wp-content/uploads/essential-addons-elementor/eael-9860db9.css]
[BANTUDAGANG.com/wp-content/uploads/2023/04/Vector-11-1.png]
[BANTUDAGANG.com/wp-content/uploads/elementor/css/post-1551b9.css]
[BANTUDAGANG.com/indexa1ca.html]
[BANTUDAGANG.com/wp-content/uploads/essential-addons-elementor/eael-986716d.css]
[BANTUDAGANG.com/wp-content/uploads/elementor/css/post-1710c8.css]
[BANTUDAGANG.com/indexd8eb.html]
[BANTUDAGANG.com/wp-content/uploads/essential-addons-elementor/eael-986d417.css]
[BANTUDAGANG.com/wp-content/uploads/elementor/css/post-16174321.css]
[BANTUDAGANG.com/index0143.html]
[BANTUDAGANG.com/store.html]
[BANTUDAGANG.com/wp-content/uploads/essential-addons-elementor/eael-98614f4.css]
[BANTUDAGANG.com/wp-content/uploads/elementor/css/post-6727999.css]
[BANTUDAGANG.com/wp-content/plugins/elementor-pro/assets/css/widget-theme-elements.min.css]
[BANTUDAGANG.com/wp-content/uploads/elementor/css/post-6436f9f.css]
[BANTUDAGANG.com/wp-content/uploads/elementor/css/post-6466f9f.css]
[BANTUDAGANG.com/wp-content/uploads/elementor/css/post-6678c1d.css]
[BANTUDAGANG.com/wp-content/plugins/jet-smart-filters/assets/css/public324d.css]
[BANTUDAGANG.com/wp-content/uploads/elementor/css/post-9383070.css]
[BANTUDAGANG.com/index4c6d.html]
[BANTUDAGANG.com/wp-content/uploads/elementor/css/post-6608c1d.css]
[BANTUDAGANG.com/wp-content/uploads/essential-addons-elementor/eael-9867c84.css]
[BANTUDAGANG.com/indexb0f2.html]
[BANTUDAGANG.com/wp-content/uploads/essential-addons-elementor/eael-9863b77.css]
[BANTUDAGANG.com/indexe1b1.html]
[BANTUDAGANG.com/category/updates/feed/index.html]
[BANTUDAGANG.com/wp-content/plugins/elementor/assets/lib/font-awesome/fonts/fontawesome-webfont3e6e.svg]
[BANTUDAGANG.com/wp-content/plugins/elementor/assets/lib/font-awesome/webfonts/fa-brands-400.svg]
[BANTUDAGANG.com/wp-content/plugins/elementor/assets/lib/font-awesome/webfonts/fa-regular-400.svg]
[BANTUDAGANG.com/wp-content/plugins/elementor/assets/lib/font-awesome/webfonts/fa-solid-900.svg]
[BANTUDAGANG.com/wp-content/uploads/2023/04/dashboard-1.svg]
[BANTUDAGANG.com/wp-content/uploads/2023/04/Mask-group.svg]
[BANTUDAGANG.com/wp-content/plugins/skyboot-custom-icons-for-elementor/assets/fonts/ioniconsde33.svg]
[BANTUDAGANG.com/wp-content/plugins/skyboot-custom-icons-for-elementor/assets/fonts/Linearicons-Free54e9.svg]
[BANTUDAGANG.com/wp-content/plugins/skyboot-custom-icons-for-elementor/assets/fonts/la-brands-400.svg]
[BANTUDAGANG.com/wp-content/plugins/skyboot-custom-icons-for-elementor/assets/fonts/la-regular-400.svg]
[BANTUDAGANG.com/wp-content/plugins/skyboot-custom-icons-for-elementor/assets/fonts/la-solid-900.svg]
[BANTUDAGANG.com/POST.html]
[BANTUDAGANG.com/schema.org/index.html]
[BANTUDAGANG.com/b.html]
[BANTUDAGANG.com/signals/iwl.html]
[BANTUDAGANG.com/wp-content/plugins/ht-mega-for-elementor/assets/images/icons/line.svg]
[BANTUDAGANG.com/wp-content/plugins/ht-mega-for-elementor/assets/css/img/others/business-shape.html]
[BANTUDAGANG.com/wp-content/plugins/ht-mega-for-elementor/assets/css/img/bg/bg-image-40.html]
[BANTUDAGANG.com/wp-content/plugins/elementor/assets/lib/eicons/fonts/eiconsd6bb.svg]
